// Jest Snapshot v1, https://goo.gl/fbAQLP

exports[`Bikes if bikes mocked automatically 1`] = `
<section>
  <div
    className="grid"
  >
    <div>
      <img
        onClick={[Function]}
        src="https://images.unsplash.com/photo-1610000000000-000000000000?ixid=MnwxMjA3fDB8MHxwaG90by1wYWdlfHx8fGVufDB8fHx8&ixlib=rb-1.2.1&auto=format&fit=crop&w=500&q=60"
      />
      <span>
        Description
      </span>
    </div>
    <div
      className="w-50 flex flex-column"
    >
      <h2>
        <strong>
          Bike
           
          Brand
        </strong>
      </h2>
      <div>
        <span
          className="flex gap"
        >
          <p>
            Type
          </p>
           
          Type
        </span>
        <span
          className="flex gap"
        >
          <p>
            Model
          </p>
           
          Brand
        </span>
        <span
          className="flex gap"
        >
          <p>
            Price
          </p>
           $
          100
        </span>
        <span
          className="flex gap"
        >
          <p>
            Duration
          </p>
           9 Months
        </span>
      </div>
      <h3>
        <strong>
          6.7% APR
        </strong>
         Representative
      </h3>
      <div
        className="flex gap"
      >
        <p
          changeColor={[Function]}
          displayColor="red"
        />
        <p
          changeColor={[Function]}
          displayColor="blue"
        />
        <p
          changeColor={[Function]}
          displayColor="green"
        />
      </div>
      <button
        state={
          {
            "id": 1,
          }
        }
        to="/reserve"
      >
        Reserve
      </button>
    </div>
  </div>
</section>
`;
